<html>
<body>
<pre>
<h1>µVision Build Log</h1>
<h2>Project:</h2>
D:\My Dropbox\apn176\EE319K\MySetup\EE319Kware\Lab7_EE319K\Lab7.uvproj
Project File Date:  01/20/2014

<h2>Output:</h2>
Build target 'Lab7'
assembling Startup.s...
assembling PLL.s...
assembling Lab7Main.s...
compiling SSD2119.c...
assembling LCD.s...
assembling IO.s...
assembling print.s...
linking...
Program Size: Code=3272 RO-data=480 RW-data=8 ZI-data=1024  
"Lab7.axf" - 0 Error(s), 0 Warning(s).
Build target 'Lab7'
linking...
Program Size: Code=3272 RO-data=480 RW-data=8 ZI-data=1024  
"Lab7.axf" - 0 Error(s), 0 Warning(s).
Clean started: Project: 'Lab7'
   deleting intermediate output files for target 'Lab7'
