<html>
<body>
<pre>
<h1>µVision Build Log</h1>
<h2>Project:</h2>
C:\Keil\EE319Kware\Lab7_EE319K\Lab7.uvproj
Project File Date:  03/25/2014

<h2>Output:</h2>
Rebuild target 'Lab7'
assembling Startup.s...
assembling PLL.s...
assembling Lab7Main.s...
compiling SSD2119.c...
assembling LCD.s...
assembling IO.s...
assembling print.s...
linking...
Program Size: Code=3980 RO-data=480 RW-data=8 ZI-data=1024  
".\Lab7.axf" - 0 Error(s), 0 Warning(s).
Load "C:\\Keil\\EE319Kware\\Lab7_EE319K\\Lab7.axf" 
Connecting: Mode=JTAG, Speed=1000000Hz
Erase Done.
Programming Done.
Verify OK.
</pre>
</body>
</html>
